[33mÔØ»[39m Building...
[32mÔ£ö[39m Building...
[1mInitial chunk files[22m[2m | [22m[1mNames[22m        [2m | [22m [1mRaw size[22m
[32mmain.js[39m            [2m | [22m[2mmain[22m         [2m | [22m  [36m2.00 MB[39m[2m | [22m
[32mstyles.css[39m         [2m | [22m[2mstyles[22m       [2m | [22m[36m279.13 kB[39m[2m | [22m

[1m [22m                  [2m | [22m[1mInitial total[22m[2m | [22m  [1m2.28 MB[22m

Application bundle generation complete. [3.164 seconds] - 2026-04-13T11:21:00.333Z

Output location: C:\Users\okumu\OneDrive\Desktop\ecommerce\frontend\dist\frontend

